Archive member included to satisfy reference by file (symbol)

g:/tools/plugins/gcc-arm-none-eabi-10.3-2021.10-win32/gcc-arm-none-eabi-10.3-2021.10/bin/../lib/gcc/arm-none-eabi/10.3.1/thumb/v7e-m/nofp\libgcc.a(_aeabi_uldivmod.o)
                              CMakeFiles/IGT6_CLION.elf.dir/Drivers/STM32F4xx_HAL_Driver/Src/stm32f4xx_hal_rcc.c.obj (__aeabi_uldivmod)
g:/tools/plugins/gcc-arm-none-eabi-10.3-2021.10-win32/gcc-arm-none-eabi-10.3-2021.10/bin/../lib/gcc/arm-none-eabi/10.3.1/thumb/v7e-m/nofp\libgcc.a(_udivmoddi4.o)
                              g:/tools/plugins/gcc-arm-none-eabi-10.3-2021.10-win32/gcc-arm-none-eabi-10.3-2021.10/bin/../lib/gcc/arm-none-eabi/10.3.1/thumb/v7e-m/nofp\libgcc.a(_aeabi_uldivmod.o) (__udivmoddi4)
g:/tools/plugins/gcc-arm-none-eabi-10.3-2021.10-win32/gcc-arm-none-eabi-10.3-2021.10/bin/../lib/gcc/arm-none-eabi/10.3.1/thumb/v7e-m/nofp\libgcc.a(_dvmd_tls.o)
                              g:/tools/plugins/gcc-arm-none-eabi-10.3-2021.10-win32/gcc-arm-none-eabi-10.3-2021.10/bin/../lib/gcc/arm-none-eabi/10.3.1/thumb/v7e-m/nofp\libgcc.a(_aeabi_uldivmod.o) (__aeabi_ldiv0)
g:/tools/plugins/gcc-arm-none-eabi-10.3-2021.10-win32/gcc-arm-none-eabi-10.3-2021.10/bin/../lib/gcc/arm-none-eabi/10.3.1/../../../../arm-none-eabi/lib/thumb/v7e-m/nofp\libg.a(lib_a-errno.o)
                              CMakeFiles/IGT6_CLION.elf.dir/Core/Src/syscalls.c.obj (__errno)
g:/tools/plugins/gcc-arm-none-eabi-10.3-2021.10-win32/gcc-arm-none-eabi-10.3-2021.10/bin/../lib/gcc/arm-none-eabi/10.3.1/../../../../arm-none-eabi/lib/thumb/v7e-m/nofp\libg.a(lib_a-exit.o)
                              g:/tools/plugins/gcc-arm-none-eabi-10.3-2021.10-win32/gcc-arm-none-eabi-10.3-2021.10/bin/../lib/gcc/arm-none-eabi/10.3.1/../../../../arm-none-eabi/lib/thumb/v7e-m/nofp/crt0.o (exit)
g:/tools/plugins/gcc-arm-none-eabi-10.3-2021.10-win32/gcc-arm-none-eabi-10.3-2021.10/bin/../lib/gcc/arm-none-eabi/10.3.1/../../../../arm-none-eabi/lib/thumb/v7e-m/nofp\libg.a(lib_a-impure.o)
                              g:/tools/plugins/gcc-arm-none-eabi-10.3-2021.10-win32/gcc-arm-none-eabi-10.3-2021.10/bin/../lib/gcc/arm-none-eabi/10.3.1/../../../../arm-none-eabi/lib/thumb/v7e-m/nofp\libg.a(lib_a-exit.o) (_global_impure_ptr)
g:/tools/plugins/gcc-arm-none-eabi-10.3-2021.10-win32/gcc-arm-none-eabi-10.3-2021.10/bin/../lib/gcc/arm-none-eabi/10.3.1/../../../../arm-none-eabi/lib/thumb/v7e-m/nofp\libg.a(lib_a-init.o)
                              g:/tools/plugins/gcc-arm-none-eabi-10.3-2021.10-win32/gcc-arm-none-eabi-10.3-2021.10/bin/../lib/gcc/arm-none-eabi/10.3.1/../../../../arm-none-eabi/lib/thumb/v7e-m/nofp/crt0.o (__libc_init_array)
g:/tools/plugins/gcc-arm-none-eabi-10.3-2021.10-win32/gcc-arm-none-eabi-10.3-2021.10/bin/../lib/gcc/arm-none-eabi/10.3.1/../../../../arm-none-eabi/lib/thumb/v7e-m/nofp\libg.a(lib_a-memset.o)
                              g:/tools/plugins/gcc-arm-none-eabi-10.3-2021.10-win32/gcc-arm-none-eabi-10.3-2021.10/bin/../lib/gcc/arm-none-eabi/10.3.1/../../../../arm-none-eabi/lib/thumb/v7e-m/nofp/crt0.o (memset)
g:/tools/plugins/gcc-arm-none-eabi-10.3-2021.10-win32/gcc-arm-none-eabi-10.3-2021.10/bin/../lib/gcc/arm-none-eabi/10.3.1/../../../../arm-none-eabi/lib/thumb/v7e-m/nofp\libg.a(lib_a-__call_atexit.o)
                              g:/tools/plugins/gcc-arm-none-eabi-10.3-2021.10-win32/gcc-arm-none-eabi-10.3-2021.10/bin/../lib/gcc/arm-none-eabi/10.3.1/../../../../arm-none-eabi/lib/thumb/v7e-m/nofp\libg.a(lib_a-exit.o) (__call_exitprocs)
g:/tools/plugins/gcc-arm-none-eabi-10.3-2021.10-win32/gcc-arm-none-eabi-10.3-2021.10/bin/../lib/gcc/arm-none-eabi/10.3.1/../../../../arm-none-eabi/lib/thumb/v7e-m/nofp\libg.a(lib_a-atexit.o)
                              g:/tools/plugins/gcc-arm-none-eabi-10.3-2021.10-win32/gcc-arm-none-eabi-10.3-2021.10/bin/../lib/gcc/arm-none-eabi/10.3.1/../../../../arm-none-eabi/lib/thumb/v7e-m/nofp\libg.a(lib_a-__call_atexit.o) (atexit)
g:/tools/plugins/gcc-arm-none-eabi-10.3-2021.10-win32/gcc-arm-none-eabi-10.3-2021.10/bin/../lib/gcc/arm-none-eabi/10.3.1/../../../../arm-none-eabi/lib/thumb/v7e-m/nofp\libg.a(lib_a-fini.o)
                              g:/tools/plugins/gcc-arm-none-eabi-10.3-2021.10-win32/gcc-arm-none-eabi-10.3-2021.10/bin/../lib/gcc/arm-none-eabi/10.3.1/../../../../arm-none-eabi/lib/thumb/v7e-m/nofp\libg.a(lib_a-__call_atexit.o) (__libc_fini_array)
g:/tools/plugins/gcc-arm-none-eabi-10.3-2021.10-win32/gcc-arm-none-eabi-10.3-2021.10/bin/../lib/gcc/arm-none-eabi/10.3.1/../../../../arm-none-eabi/lib/thumb/v7e-m/nofp\libg.a(lib_a-lock.o)
                              g:/tools/plugins/gcc-arm-none-eabi-10.3-2021.10-win32/gcc-arm-none-eabi-10.3-2021.10/bin/../lib/gcc/arm-none-eabi/10.3.1/../../../../arm-none-eabi/lib/thumb/v7e-m/nofp\libg.a(lib_a-__call_atexit.o) (__retarget_lock_acquire_recursive)
g:/tools/plugins/gcc-arm-none-eabi-10.3-2021.10-win32/gcc-arm-none-eabi-10.3-2021.10/bin/../lib/gcc/arm-none-eabi/10.3.1/../../../../arm-none-eabi/lib/thumb/v7e-m/nofp\libg.a(lib_a-__atexit.o)
[...]
Memory Configuration

Name             Origin             Length             Attributes
CCMRAM           0x10000000         0x00010000         xrw
RAM              0x20000000         0x00020000         xrw
FLASH            0x08000000         0x00100000         xr
*default*        0x00000000         0xffffffff

Linker script and memory map

LOAD g:/tools/plugins/gcc-arm-none-eabi-10.3-2021.10-win32/gcc-arm-none-eabi-10.3-2021.10/bin/../lib/gcc/arm-none-eabi/10.3.1/thumb/v7e-m/nofp/crti.o
LOAD g:/tools/plugins/gcc-arm-none-eabi-10.3-2021.10-win32/gcc-arm-none-eabi-10.3-2021.10/bin/../lib/gcc/arm-none-eabi/10.3.1/thumb/v7e-m/nofp/crtbegin.o
LOAD g:/tools/plugins/gcc-arm-none-eabi-10.3-2021.10-win32/gcc-arm-none-eabi-10.3-2021.10/bin/../lib/gcc/arm-none-eabi/10.3.1/../../../../arm-none-eabi/lib/thumb/v7e-m/nofp/crt0.o
LOAD CMakeFiles/IGT6_CLION.elf.dir/Core/Src/main.c.obj
LOAD CMakeFiles/IGT6_CLION.elf.dir/Core/Src/stm32f4xx_hal_msp.c.obj
LOAD CMakeFiles/IGT6_CLION.elf.dir/Core/Src/stm32f4xx_it.c.obj
LOAD CMakeFiles/IGT6_CLION.elf.dir/Core/Src/syscalls.c.obj
LOAD CMakeFiles/IGT6_CLION.elf.dir/Core/Src/sysmem.c.obj
LOAD CMakeFiles/IGT6_CLION.elf.dir/Core/Src/system_stm32f4xx.c.obj
LOAD CMakeFiles/IGT6_CLION.elf.dir/Core/Startup/startup_stm32f407igtx.s.obj
LOAD CMakeFiles/IGT6_CLION.elf.dir/Drivers/STM32F4xx_HAL_Driver/Src/stm32f4xx_hal.c.obj
LOAD CMakeFiles/IGT6_CLION.elf.dir/Drivers/STM32F4xx_HAL_Driver/Src/stm32f4xx_hal_cortex.c.obj
LOAD CMakeFiles/IGT6_CLION.elf.dir/Drivers/STM32F4xx_HAL_Driver/Src/stm32f4xx_hal_dma.c.obj
LOAD CMakeFiles/IGT6_CLION.elf.dir/Drivers/STM32F4xx_HAL_Driver/Src/stm32f4xx_hal_dma_ex.c.obj
LOAD CMakeFiles/IGT6_CLION.elf.dir/Drivers/STM32F4xx_HAL_Driver/Src/stm32f4xx_hal_exti.c.obj
LOAD CMakeFiles/IGT6_CLION.elf.dir/Drivers/STM32F4xx_HAL_Driver/Src/stm32f4xx_hal_flash.c.obj
LOAD CMakeFiles/IGT6_CLION.elf.dir/Drivers/STM32F4xx_HAL_Driver/Src/stm32f4xx_hal_flash_ex.c.obj
LOAD CMakeFiles/IGT6_CLION.elf.dir/Drivers/STM32F4xx_HAL_Driver/Src/stm32f4xx_hal_flash_ramfunc.c.obj
LOAD CMakeFiles/IGT6_CLION.elf.dir/Drivers/STM32F4xx_HAL_Driver/Src/stm32f4xx_hal_gpio.c.obj
LOAD CMakeFiles/IGT6_CLION.elf.dir/Drivers/STM32F4xx_HAL_Driver/Src/stm32f4xx_hal_pwr.c.obj
LOAD CMakeFiles/IGT6_CLION.elf.dir/Drivers/STM32F4xx_HAL_Driver/Src/stm32f4xx_hal_pwr_ex.c.obj
LOAD CMakeFiles/IGT6_CLION.elf.dir/Drivers/STM32F4xx_HAL_Driver/Src/stm32f4xx_hal_rcc.c.obj
LOAD CMakeFiles/IGT6_CLION.elf.dir/Drivers/STM32F4xx_HAL_Driver/Src/stm32f4xx_hal_rcc_ex.c.obj
LOAD CMakeFiles/IGT6_CLION.elf.dir/Drivers/STM32F4xx_HAL_Driver/Src/stm32f4xx_hal_tim.c.obj
LOAD CMakeFiles/IGT6_CLION.elf.dir/Drivers/STM32F4xx_HAL_Driver/Src/stm32f4xx_hal_tim_ex.c.obj
START GROUP
LOAD g:/tools/plugins/gcc-arm-none-eabi-10.3-2021.10-win32/gcc-arm-none-eabi-10.3-2021.10/bin/../lib/gcc/arm-none-eabi/10.3.1/thumb/v7e-m/nofp\libgcc.a
LOAD g:/tools/plugins/gcc-arm-none-eabi-10.3-2021.10-win32/gcc-arm-none-eabi-10.3-2021.10/bin/../lib/gcc/arm-none-eabi/10.3.1/../../../../arm-none-eabi/lib/thumb/v7e-m/nofp\libg.a
LOAD g:/tools/plugins/gcc-arm-none-eabi-10.3-2021.10-win32/gcc-arm-none-eabi-10.3-2021.10/bin/../lib/gcc/arm-none-eabi/10.3.1/../../../../arm-none-eabi/lib/thumb/v7e-m/nofp\libc.a
END GROUP
LOAD g:/tools/plugins/gcc-arm-none-eabi-10.3-2021.10-win32/gcc-arm-none-eabi-10.3-2021.10/bin/../lib/gcc/arm-none-eabi/10.3.1/thumb/v7e-m/nofp/crtend.o
LOAD g:/tools/plugins/gcc-arm-none-eabi-10.3-2021.10-win32/gcc-arm-none-eabi-10.3-2021.10/bin/../lib/gcc/arm-none-eabi/10.3.1/thumb/v7e-m/nofp/crtn.o
                0x20020000                _estack = (ORIGIN (RAM) + LENGTH (RAM))
                0x00000200                _Min_Heap_Size = 0x200
                0x00000400                _Min_Stack_Size = 0x400

.isr_vector     0x08000000      0x188
                0x08000000                . = ALIGN (0x4)
 *(.isr_vector)
 .isr_vector    0x08000000      0x188 CMakeFiles/IGT6_CLION.elf.dir/Core/Startup/startup_stm32f407igtx.s.obj
                0x08000000                g_pfnVectors
                0x08000188                . = ALIGN (0x4)

.text           0x08000188      0xe14
                0x08000188                . = ALIGN (0x4)
 *(.text)
 .text          0x08000188       0x40 g:/tools/plugins/gcc-arm-none-eabi-10.3-2021.10-win32/gcc-arm-none-eabi-10.3-2021.10/bin/../lib/gcc/arm-none-eabi/10.3.1/thumb/v7e-m/nofp/crtbegin.o
 .text          0x080001c8       0x30 g:/tools/plugins/gcc-arm-none-eabi-10.3-2021.10-win32/gcc-arm-none-eabi-10.3-2021.10/bin/../lib/gcc/arm-none-eabi/10.3.1/thumb/v7e-m/nofp\libgcc.a(_aeabi_uldivmod.o)
                0x080001c8                __aeabi_uldivmod
 .text          0x080001f8      0x2d0 g:/tools/plugins/gcc-arm-none-eabi-10.3-2021.10-win32/gcc-arm-none-eabi-10.3-2021.10/bin/../lib/gcc/arm-none-eabi/10.3.1/thumb/v7e-m/nofp\libgcc.a(_udivmoddi4.o)
                0x080001f8                __udivmoddi4
 .text          0x080004c8        0x4 g:/tools/plugins/gcc-arm-none-eabi-10.3-2021.10-win32/gcc-arm-none-eabi-10.3-2021.10/bin/../lib/gcc/arm-none-eabi/10.3.1/thumb/v7e-m/nofp\libgcc.a(_dvmd_tls.o)
                0x080004c8                __aeabi_idiv0
                0x080004c8                __aeabi_ldiv0
 *(.text*)
 .text.MX_GPIO_Init
                0x080004cc       0x4c CMakeFiles/IGT6_CLION.elf.dir/Core/Src/main.c.obj
 .text.Error_Handler
                0x08000518        0x4 CMakeFiles/IGT6_CLION.elf.dir/Core/Src/main.c.obj
                0x08000518                Error_Handler
 .text.SystemClock_Config
                0x0800051c       0x88 CMakeFiles/IGT6_CLION.elf.dir/Core/Src/main.c.obj
                0x0800051c                SystemClock_Config
 .text.main     0x080005a4       0x10 CMakeFiles/IGT6_CLION.elf.dir/Core/Src/main.c.obj
                0x080005a4                main
 .text.HAL_MspInit
                0x080005b4       0x38 CMakeFiles/IGT6_CLION.elf.dir/Core/Src/stm32f4xx_hal_msp.c.obj
                0x080005b4                HAL_MspInit
 .text.NMI_Handler
                0x080005ec        0x2 CMakeFiles/IGT6_CLION.elf.dir/Core/Src/stm32f4xx_it.c.obj
                0x080005ec                NMI_Handler
 .text.HardFault_Handler
                0x080005ee        0x2 CMakeFiles/IGT6_CLION.elf.dir/Core/Src/stm32f4xx_it.c.obj
                0x080005ee                HardFault_Handler
 .text.MemManage_Handler
                0x080005f0        0x2 CMakeFiles/IGT6_CLION.elf.dir/Core/Src/stm32f4xx_it.c.obj
                0x080005f0                MemManage_Handler
 .text.BusFault_Handler
                0x080005f2        0x2 CMakeFiles/IGT6_CLION.elf.dir/Core/Src/stm32f4xx_it.c.obj
                0x080005f2                BusFault_Handler
 .text.UsageFault_Handler
                0x080005f4        0x2 CMakeFiles/IGT6_CLION.elf.dir/Core/Src/stm32f4xx_it.c.obj
                0x080005f4                UsageFault_Handler
 .text.SVC_Handler
                0x080005f6        0x2 CMakeFiles/IGT6_CLION.elf.dir/Core/Src/stm32f4xx_it.c.obj
                0x080005f6                SVC_Handler
 .text.DebugMon_Handler
                0x080005f8        0x2 CMakeFiles/IGT6_CLION.elf.dir/Core/Src/stm32f4xx_it.c.obj
                0x080005f8                DebugMon_Handler
 .text.PendSV_Handler
                0x080005fa        0x2 CMakeFiles/IGT6_CLION.elf.dir/Core/Src/stm32f4xx_it.c.obj
                0x080005fa                PendSV_Handler
 .text.SysTick_Handler
                0x080005fc        0x8 CMakeFiles/IGT6_CLION.elf.dir/Core/Src/stm32f4xx_it.c.obj
                0x080005fc                SysTick_Handler
 .text.SystemInit
                0x08000604        0x2 CMakeFiles/IGT6_CLION.elf.dir/Core/Src/system_stm32f4xx.c.obj
                0x08000604                SystemInit
 *fill*         0x08000606        0x2 
 .text.Reset_Handler
                0x08000608       0x50 CMakeFiles/IGT6_CLION.elf.dir/Core/Startup/startup_stm32f407igtx.s.obj
                0x08000608                Reset_Handler
 .text.Default_Handler
                0x08000658        0x2 CMakeFiles/IGT6_CLION.elf.dir/Core/Startup/startup_stm32f407igtx.s.obj
                0x08000658                RTC_Alarm_IRQHandler
                0x08000658                HASH_RNG_IRQHandler
                0x08000658                EXTI2_IRQHandler
                0x08000658                TIM8_CC_IRQHandler
                0x08000658                TIM1_CC_IRQHandler
                0x08000658                DMA2_Stream5_IRQHandler
                0x08000658                DMA1_Stream5_IRQHandler
                0x08000658                PVD_IRQHandler
                0x08000658                SDIO_IRQHandler
                0x08000658                TAMP_STAMP_IRQHandler
                0x08000658                CAN2_RX1_IRQHandler
                0x08000658                EXTI3_IRQHandler
                0x08000658                TIM8_TRG_COM_TIM14_IRQHandler
                0x08000658                TIM1_UP_TIM10_IRQHandler
                0x08000658                TIM8_UP_TIM13_IRQHandler
                0x08000658                I2C3_ER_IRQHandler
                0x08000658                EXTI0_IRQHandler
                0x08000658                I2C2_EV_IRQHandler
                0x08000658                DMA1_Stream2_IRQHandler
                0x08000658                CAN1_RX0_IRQHandler
                0x08000658                FPU_IRQHandler
                0x08000658                OTG_HS_WKUP_IRQHandler
                0x08000658                CAN2_SCE_IRQHandler
                0x08000658                DMA2_Stream2_IRQHandler
                0x08000658                SPI1_IRQHandler
                0x08000658                TIM6_DAC_IRQHandler
                0x08000658                TIM1_BRK_TIM9_IRQHandler
                0x08000658                DCMI_IRQHandler
                0x08000658                CAN2_RX0_IRQHandler
                0x08000658                DMA2_Stream3_IRQHandler
                0x08000658                USART6_IRQHandler
                0x08000658                USART3_IRQHandler
                0x08000658                CAN1_RX1_IRQHandler
                0x08000658                UART5_IRQHandler
                0x08000658                DMA2_Stream0_IRQHandler
                0x08000658                TIM4_IRQHandler
                0x08000658                I2C1_EV_IRQHandler
                0x08000658                DMA1_Stream6_IRQHandler
                0x08000658                DMA1_Stream1_IRQHandler
                0x08000658                UART4_IRQHandler
                0x08000658                TIM3_IRQHandler
                0x08000658                RCC_IRQHandler
                0x08000658                TIM8_BRK_TIM12_IRQHandler
                0x08000658                Default_Handler
                0x08000658                EXTI15_10_IRQHandler
                0x08000658                ADC_IRQHandler
                0x08000658                DMA1_Stream7_IRQHandler
                0x08000658                TIM7_IRQHandler
                0x08000658                CAN2_TX_IRQHandler
                0x08000658                TIM5_IRQHandler
                0x08000658                DMA2_Stream7_IRQHandler
                0x08000658                I2C3_EV_IRQHandler
                0x08000658                EXTI9_5_IRQHandler
                0x08000658                RTC_WKUP_IRQHandler
                0x08000658                ETH_WKUP_IRQHandler
                0x08000658                SPI2_IRQHandler
                0x08000658                OTG_HS_EP1_IN_IRQHandler
                0x08000658                DMA1_Stream0_IRQHandler
                0x08000658                CAN1_TX_IRQHandler
                0x08000658                EXTI4_IRQHandler
                0x08000658                FSMC_IRQHandler
                0x08000658                ETH_IRQHandler
                0x08000658                OTG_HS_EP1_OUT_IRQHandler
                0x08000658                WWDG_IRQHandler
                0x08000658                TIM2_IRQHandler
                0x08000658                OTG_FS_WKUP_IRQHandler
                0x08000658                TIM1_TRG_COM_TIM11_IRQHandler
                0x08000658                OTG_HS_IRQHandler
                0x08000658                EXTI1_IRQHandler
                0x08000658                USART2_IRQHandler
                0x08000658                I2C2_ER_IRQHandler
                0x08000658                DMA2_Stream1_IRQHandler
                0x08000658                CAN1_SCE_IRQHandler
                0x08000658                FLASH_IRQHandler
                0x08000658                DMA2_Stream4_IRQHandler
                0x08000658                USART1_IRQHandler
                0x08000658                OTG_FS_IRQHandler
                0x08000658                SPI3_IRQHandler
                0x08000658                DMA1_Stream4_IRQHandler
                0x08000658                I2C1_ER_IRQHandler
                0x08000658                DMA2_Stream6_IRQHandler
                0x08000658                DMA1_Stream3_IRQHandler
 *fill*         0x0800065a        0x2 
 .text.HAL_InitTick
                0x0800065c       0x4c CMakeFiles/IGT6_CLION.elf.dir/Drivers/STM32F4xx_HAL_Driver/Src/stm32f4xx_hal.c.obj
                0x0800065c                HAL_InitTick
 .text.HAL_Init
                0x080006a8       0x34 CMakeFiles/IGT6_CLION.elf.dir/Drivers/STM32F4xx_HAL_Driver/Src/stm32f4xx_hal.c.obj
                0x080006a8                HAL_Init
 .text.HAL_IncTick
                0x080006dc       0x18 CMakeFiles/IGT6_CLION.elf.dir/Drivers/STM32F4xx_HAL_Driver/Src/stm32f4xx_hal.c.obj
                0x080006dc                HAL_IncTick
 .text.HAL_GetTick
                0x080006f4        0xc CMakeFiles/IGT6_CLION.elf.dir/Drivers/STM32F4xx_HAL_Driver/Src/stm32f4xx_hal.c.obj
                0x080006f4                HAL_GetTick
 .text.HAL_NVIC_SetPriorityGrouping
                0x08000700       0x24 CMakeFiles/IGT6_CLION.elf.dir/Drivers/STM32F4xx_HAL_Driver/Src/stm32f4xx_hal_cortex.c.obj
                0x08000700                HAL_NVIC_SetPriorityGrouping
 .text.HAL_NVIC_SetPriority
                0x08000724       0x70 CMakeFiles/IGT6_CLION.elf.dir/Drivers/STM32F4xx_HAL_Driver/Src/stm32f4xx_hal_cortex.c.obj
                0x08000724                HAL_NVIC_SetPriority
 .text.HAL_SYSTICK_Config
                0x08000794       0x28 CMakeFiles/IGT6_CLION.elf.dir/Drivers/STM32F4xx_HAL_Driver/Src/stm32f4xx_hal_cortex.c.obj
                0x08000794                HAL_SYSTICK_Config
 .text.HAL_RCC_OscConfig
                0x080007bc      0x3f8 CMakeFiles/IGT6_CLION.elf.dir/Drivers/STM32F4xx_HAL_Driver/Src/stm32f4xx_hal_rcc.c.obj
                0x080007bc                HAL_RCC_OscConfig
 .text.HAL_RCC_GetSysClockFreq
                0x08000bb4       0xa4 CMakeFiles/IGT6_CLION.elf.dir/Drivers/STM32F4xx_HAL_Driver/Src/stm32f4xx_hal_rcc.c.obj
                0x08000bb4                HAL_RCC_GetSysClockFreq
 .text.HAL_RCC_ClockConfig
                0x08000c58      0x160 CMakeFiles/IGT6_CLION.elf.dir/Drivers/STM32F4xx_HAL_Driver/Src/stm32f4xx_hal_rcc.c.obj
                0x08000c58                HAL_RCC_ClockConfig
 .text.__libc_init_array
                0x08000db8       0x48 g:/tools/plugins/gcc-arm-none-eabi-10.3-2021.10-win32/gcc-arm-none-eabi-10.3-2021.10/bin/../lib/gcc/arm-none-eabi/10.3.1/../../../../arm-none-eabi/lib/thumb/v7e-m/nofp\libg.a(lib_a-init.o)
                0x08000db8                __libc_init_array
 .text.memset   0x08000e00       0xa4 g:/tools/plugins/gcc-arm-none-eabi-10.3-2021.10-win32/gcc-arm-none-eabi-10.3-2021.10/bin/../lib/gcc/arm-none-eabi/10.3.1/../../../../arm-none-eabi/lib/thumb/v7e-m/nofp\libg.a(lib_a-memset.o)
                0x08000e00                memset
 .text.startup.register_fini
                0x08000ea4       0x14 g:/tools/plugins/gcc-arm-none-eabi-10.3-2021.10-win32/gcc-arm-none-eabi-10.3-2021.10/bin/../lib/gcc/arm-none-eabi/10.3.1/../../../../arm-none-eabi/lib/thumb/v7e-m/nofp\libg.a(lib_a-__call_atexit.o)
 .text.atexit   0x08000eb8        0xc g:/tools/plugins/gcc-arm-none-eabi-10.3-2021.10-win32/gcc-arm-none-eabi-10.3-2021.10/bin/../lib/gcc/arm-none-eabi/10.3.1/../../../../arm-none-eabi/lib/thumb/v7e-m/nofp\libg.a(lib_a-atexit.o)
                0x08000eb8                atexit
 .text.__libc_fini_array
                0x08000ec4       0x2c g:/tools/plugins/gcc-arm-none-eabi-10.3-2021.10-win32/gcc-arm-none-eabi-10.3-2021.10/bin/../lib/gcc/arm-none-eabi/10.3.1/../../../../arm-none-eabi/lib/thumb/v7e-m/nofp\libg.a(lib_a-fini.o)
                0x08000ec4                __libc_fini_array
 .text.__retarget_lock_acquire_recursive
                0x08000ef0        0x4 g:/tools/plugins/gcc-arm-none-eabi-10.3-2021.10-win32/gcc-arm-none-eabi-10.3-2021.10/bin/../lib/gcc/arm-none-eabi/10.3.1/../../../../arm-none-eabi/lib/thumb/v7e-m/nofp\libg.a(lib_a-lock.o)
                0x08000ef0                __retarget_lock_acquire_recursive
 .text.__retarget_lock_release_recursive
                0x08000ef4        0x4 g:/tools/plugins/gcc-arm-none-eabi-10.3-2021.10-win32/gcc-arm-none-eabi-10.3-2021.10/bin/../lib/gcc/arm-none-eabi/10.3.1/../../../../arm-none-eabi/lib/thumb/v7e-m/nofp\libg.a(lib_a-lock.o)
                0x08000ef4                __retarget_lock_release_recursive
 .text.__register_exitproc
                0x08000ef8       0x8c g:/tools/plugins/gcc-arm-none-eabi-10.3-2021.10-win32/gcc-arm-none-eabi-10.3-2021.10/bin/../lib/gcc/arm-none-eabi/10.3.1/../../../../arm-none-eabi/lib/thumb/v7e-m/nofp\libg.a(lib_a-__atexit.o)
                0x08000ef8                __register_exitproc
 *(.glue_7)
 .glue_7        0x08000f84        0x0 linker stubs
 *(.glue_7t)
 .glue_7t       0x08000f84        0x0 linker stubs
 *(.eh_frame)
 .eh_frame      0x08000f84        0x0 g:/tools/plugins/gcc-arm-none-eabi-10.3-2021.10-win32/gcc-arm-none-eabi-10.3-2021.10/bin/../lib/gcc/arm-none-eabi/10.3.1/thumb/v7e-m/nofp/crtbegin.o
 *(.init)
 .init          0x08000f84        0x4 g:/tools/plugins/gcc-arm-none-eabi-10.3-2021.10-win32/gcc-arm-none-eabi-10.3-2021.10/bin/../lib/gcc/arm-none-eabi/10.3.1/thumb/v7e-m/nofp/crti.o
                0x08000f84                _init
 .init          0x08000f88        0x8 g:/tools/plugins/gcc-arm-none-eabi-10.3-2021.10-win32/gcc-arm-none-eabi-10.3-2021.10/bin/../lib/gcc/arm-none-eabi/10.3.1/thumb/v7e-m/nofp/crtn.o
 *(.fini)
 .fini          0x08000f90        0x4 g:/tools/plugins/gcc-arm-none-eabi-10.3-2021.10-win32/gcc-arm-none-eabi-10.3-2021.10/bin/../lib/gcc/arm-none-eabi/10.3.1/thumb/v7e-m/nofp/crti.o
                0x08000f90                _fini
 .fini          0x08000f94        0x8 g:/tools/plugins/gcc-arm-none-eabi-10.3-2021.10-win32/gcc-arm-none-eabi-10.3-2021.10/bin/../lib/gcc/arm-none-eabi/10.3.1/thumb/v7e-m/nofp/crtn.o
                0x08000f9c                . = ALIGN (0x4)
                0x08000f9c                _etext = .

.vfp11_veneer   0x08000f9c        0x0
 .vfp11_veneer  0x08000f9c        0x0 linker stubs

.v4_bx          0x08000f9c        0x0
 .v4_bx         0x08000f9c        0x0 linker stubs

.iplt           0x08000f9c        0x0
 .iplt          0x08000f9c        0x0 g:/tools/plugins/gcc-arm-none-eabi-10.3-2021.10-win32/gcc-arm-none-eabi-10.3-2021.10/bin/../lib/gcc/arm-none-eabi/10.3.1/thumb/v7e-m/nofp/crtbegin.o

.rodata         0x08000f9c       0x14
                0x08000f9c                . = ALIGN (0x4)
 *(.rodata)
 *(.rodata*)
 .rodata.AHBPrescTable
                0x08000f9c       0x10 CMakeFiles/IGT6_CLION.elf.dir/Core/Src/system_stm32f4xx.c.obj
                0x08000f9c                AHBPrescTable
 .rodata._global_impure_ptr
                0x08000fac        0x4 g:/tools/plugins/gcc-arm-none-eabi-10.3-2021.10-win32/gcc-arm-none-eabi-10.3-2021.10/bin/../lib/gcc/arm-none-eabi/10.3.1/../../../../arm-none-eabi/lib/thumb/v7e-m/nofp\libg.a(lib_a-impure.o)
                0x08000fac                _global_impure_ptr
                0x08000fb0                . = ALIGN (0x4)

.ARM.extab      0x08000fb0        0x0
                0x08000fb0                . = ALIGN (0x4)
 *(.ARM.extab* .gnu.linkonce.armextab.*)
                0x08000fb0                . = ALIGN (0x4)

.ARM            0x08000fb0        0x8
                0x08000fb0                . = ALIGN (0x4)
                0x08000fb0                __exidx_start = .
 *(.ARM.exidx*)
 .ARM.exidx     0x08000fb0        0x8 g:/tools/plugins/gcc-arm-none-eabi-10.3-2021.10-win32/gcc-arm-none-eabi-10.3-2021.10/bin/../lib/gcc/arm-none-eabi/10.3.1/thumb/v7e-m/nofp\libgcc.a(_udivmoddi4.o)
                0x08000fb8                __exidx_end = .
                0x08000fb8                . = ALIGN (0x4)

.rel.dyn        0x08000fb8        0x0
 .rel.iplt      0x08000fb8        0x0 g:/tools/plugins/gcc-arm-none-eabi-10.3-2021.10-win32/gcc-arm-none-eabi-10.3-2021.10/bin/../lib/gcc/arm-none-eabi/10.3.1/thumb/v7e-m/nofp/crtbegin.o

.preinit_array  0x08000fb8        0x0
                0x08000fb8                . = ALIGN (0x4)
                0x08000fb8                PROVIDE (__preinit_array_start = .)
 *(.preinit_array*)
                0x08000fb8                PROVIDE (__preinit_array_end = .)
                0x08000fb8                . = ALIGN (0x4)

.init_array     0x08000fb8        0x8
                0x08000fb8                . = ALIGN (0x4)
                0x08000fb8                PROVIDE (__init_array_start = .)
 *(SORT_BY_NAME(.init_array.*))
 .init_array.00000
                0x08000fb8        0x4 g:/tools/plugins/gcc-arm-none-eabi-10.3-2021.10-win32/gcc-arm-none-eabi-10.3-2021.10/bin/../lib/gcc/arm-none-eabi/10.3.1/../../../../arm-none-eabi/lib/thumb/v7e-m/nofp\libg.a(lib_a-__call_atexit.o)
 *(.init_array*)
 .init_array    0x08000fbc        0x4 g:/tools/plugins/gcc-arm-none-eabi-10.3-2021.10-win32/gcc-arm-none-eabi-10.3-2021.10/bin/../lib/gcc/arm-none-eabi/10.3.1/thumb/v7e-m/nofp/crtbegin.o
                0x08000fc0                PROVIDE (__init_array_end = .)
                0x08000fc0                . = ALIGN (0x4)

.fini_array     0x08000fc0        0x4
                0x08000fc0                . = ALIGN (0x4)
                0x08000fc0                PROVIDE (__fini_array_start = .)
 *(SORT_BY_NAME(.fini_array.*))
 *(.fini_array*)
 .fini_array    0x08000fc0        0x4 g:/tools/plugins/gcc-arm-none-eabi-10.3-2021.10-win32/gcc-arm-none-eabi-10.3-2021.10/bin/../lib/gcc/arm-none-eabi/10.3.1/thumb/v7e-m/nofp/crtbegin.o
                0x08000fc4                PROVIDE (__fini_array_end = .)
                0x08000fc4                . = ALIGN (0x4)
                0x08000fc4                _sidata = LOADADDR (.data)

.data           0x20000000      0x43c load address 0x08000fc4
                0x20000000                . = ALIGN (0x4)
                0x20000000                _sdata = .
 *(.data)
 *(.data*)
 .data.SystemCoreClock
                0x20000000        0x4 CMakeFiles/IGT6_CLION.elf.dir/Core/Src/system_stm32f4xx.c.obj
                0x20000000                SystemCoreClock
 .data.uwTickFreq
                0x20000004        0x1 CMakeFiles/IGT6_CLION.elf.dir/Drivers/STM32F4xx_HAL_Driver/Src/stm32f4xx_hal.c.obj
                0x20000004                uwTickFreq
 *fill*         0x20000005        0x3 
 .data.uwTickPrio
                0x20000008        0x4 CMakeFiles/IGT6_CLION.elf.dir/Drivers/STM32F4xx_HAL_Driver/Src/stm32f4xx_hal.c.obj
                0x20000008                uwTickPrio
 *fill*         0x2000000c        0x4 
 .data.impure_data
                0x20000010      0x428 g:/tools/plugins/gcc-arm-none-eabi-10.3-2021.10-win32/gcc-arm-none-eabi-10.3-2021.10/bin/../lib/gcc/arm-none-eabi/10.3.1/../../../../arm-none-eabi/lib/thumb/v7e-m/nofp\libg.a(lib_a-impure.o)
 .data.__atexit_recursive_mutex
                0x20000438        0x4 g:/tools/plugins/gcc-arm-none-eabi-10.3-2021.10-win32/gcc-arm-none-eabi-10.3-2021.10/bin/../lib/gcc/arm-none-eabi/10.3.1/../../../../arm-none-eabi/lib/thumb/v7e-m/nofp\libg.a(lib_a-__call_atexit.o)
                0x20000438                __atexit_recursive_mutex
 *(.RamFunc)
 *(.RamFunc*)
                0x2000043c                . = ALIGN (0x4)
                0x2000043c                _edata = .
                0x08001400                _siccmram = LOADADDR (.ccmram)

.igot.plt       0x2000043c        0x0 load address 0x08001400
 .igot.plt      0x2000043c        0x0 g:/tools/plugins/gcc-arm-none-eabi-10.3-2021.10-win32/gcc-arm-none-eabi-10.3-2021.10/bin/../lib/gcc/arm-none-eabi/10.3.1/thumb/v7e-m/nofp/crtbegin.o

.ccmram         0x10000000        0x0 load address 0x08001400
                0x10000000                . = ALIGN (0x4)
                0x10000000                _sccmram = .
 *(.ccmram)
 *(.ccmram*)
                0x10000000                . = ALIGN (0x4)
                0x10000000                _eccmram = .
                0x10000000                . = ALIGN (0x4)

.bss            0x2000043c       0x24
                0x2000043c                _sbss = .
                0x2000043c                __bss_start__ = _sbss
 *(.bss)
 .bss           0x2000043c       0x1c g:/tools/plugins/gcc-arm-none-eabi-10.3-2021.10-win32/gcc-arm-none-eabi-10.3-2021.10/bin/../lib/gcc/arm-none-eabi/10.3.1/thumb/v7e-m/nofp/crtbegin.o
 *(.bss*)
 .bss.uwTick    0x20000458        0x4 CMakeFiles/IGT6_CLION.elf.dir/Drivers/STM32F4xx_HAL_Driver/Src/stm32f4xx_hal.c.obj
                0x20000458                uwTick
 .bss.__lock___atexit_recursive_mutex
                0x2000045c        0x1 g:/tools/plugins/gcc-arm-none-eabi-10.3-2021.10-win32/gcc-arm-none-eabi-10.3-2021.10/bin/../lib/gcc/arm-none-eabi/10.3.1/../../../../arm-none-eabi/lib/thumb/v7e-m/nofp\libg.a(lib_a-lock.o)
                0x2000045c                __lock___atexit_recursive_mutex
 *(COMMON)
                0x20000460                . = ALIGN (0x4)
 *fill*         0x2000045d        0x3 
                0x20000460                _ebss = .
                0x20000460                __bss_end__ = _ebss

._user_heap_stack
                0x20000460      0x600
                0x20000460                . = ALIGN (0x8)
                [!provide]                PROVIDE (end = .)
                0x20000460                PROVIDE (_end = .)
                0x20000660                . = (. + _Min_Heap_Size)
 *fill*         0x20000460      0x200 
                0x20000a60                . = (. + _Min_Stack_Size)
 *fill*         0x20000660      0x400 
                0x20000a60                . = ALIGN (0x8)

/DISCARD/
 libc.a(*)
 libm.a(*)
 libgcc.a(*)

.ARM.attributes
                0x00000000       0x2a
 *(.ARM.attributes)
 .ARM.attributes
                0x00000000       0x1e g:/tools/plugins/gcc-arm-none-eabi-10.3-2021.10-win32/gcc-arm-none-eabi-10.3-2021.10/bin/../lib/gcc/arm-none-eabi/10.3.1/thumb/v7e-m/nofp/crti.o
 .ARM.attributes
                0x0000001e       0x2e g:/tools/plugins/gcc-arm-none-eabi-10.3-2021.10-win32/gcc-arm-none-eabi-10.3-2021.10/bin/../lib/gcc/arm-none-eabi/10.3.1/thumb/v7e-m/nofp/crtbegin.o
 .ARM.attributes
                0x0000004c       0x2e CMakeFiles/IGT6_CLION.elf.dir/Core/Src/main.c.obj
 .ARM.attributes
                0x0000007a       0x2e CMakeFiles/IGT6_CLION.elf.dir/Core/Src/stm32f4xx_hal_msp.c.obj
 .ARM.attributes
                0x000000a8       0x2e CMakeFiles/IGT6_CLION.elf.dir/Core/Src/stm32f4xx_it.c.obj
 .ARM.attributes
                0x000000d6       0x2e CMakeFiles/IGT6_CLION.elf.dir/Core/Src/system_stm32f4xx.c.obj
 .ARM.attributes
                0x00000104       0x21 CMakeFiles/IGT6_CLION.elf.dir/Core/Startup/startup_stm32f407igtx.s.obj
 .ARM.attributes
                0x00000125       0x2e CMakeFiles/IGT6_CLION.elf.dir/Drivers/STM32F4xx_HAL_Driver/Src/stm32f4xx_hal.c.obj
 .ARM.attributes
                0x00000153       0x2e CMakeFiles/IGT6_CLION.elf.dir/Drivers/STM32F4xx_HAL_Driver/Src/stm32f4xx_hal_cortex.c.obj
 .ARM.attributes
                0x00000181       0x2e CMakeFiles/IGT6_CLION.elf.dir/Drivers/STM32F4xx_HAL_Driver/Src/stm32f4xx_hal_rcc.c.obj
 .ARM.attributes
                0x000001af       0x1e g:/tools/plugins/gcc-arm-none-eabi-10.3-2021.10-win32/gcc-arm-none-eabi-10.3-2021.10/bin/../lib/gcc/arm-none-eabi/10.3.1/thumb/v7e-m/nofp\libgcc.a(_aeabi_uldivmod.o)
 .ARM.attributes
                0x000001cd       0x2e g:/tools/plugins/gcc-arm-none-eabi-10.3-2021.10-win32/gcc-arm-none-eabi-10.3-2021.10/bin/../lib/gcc/arm-none-eabi/10.3.1/thumb/v7e-m/nofp\libgcc.a(_udivmoddi4.o)
 .ARM.attributes
                0x000001fb       0x1e g:/tools/plugins/gcc-arm-none-eabi-10.3-2021.10-win32/gcc-arm-none-eabi-10.3-2021.10/bin/../lib/gcc/arm-none-eabi/10.3.1/thumb/v7e-m/nofp\libgcc.a(_dvmd_tls.o)
 .ARM.attributes
                0x00000219       0x2e g:/tools/plugins/gcc-arm-none-eabi-10.3-2021.10-win32/gcc-arm-none-eabi-10.3-2021.10/bin/../lib/gcc/arm-none-eabi/10.3.1/../../../../arm-none-eabi/lib/thumb/v7e-m/nofp\libg.a(lib_a-impure.o)
 .ARM.attributes
                0x00000247       0x2e g:/tools/plugins/gcc-arm-none-eabi-10.3-2021.10-win32/gcc-arm-none-eabi-10.3-2021.10/bin/../lib/gcc/arm-none-eabi/10.3.1/../../../../arm-none-eabi/lib/thumb/v7e-m/nofp\libg.a(lib_a-init.o)
 .ARM.attributes
                0x00000275       0x2e g:/tools/plugins/gcc-arm-none-eabi-10.3-2021.10-win32/gcc-arm-none-eabi-10.3-2021.10/bin/../lib/gcc/arm-none-eabi/10.3.1/../../../../arm-none-eabi/lib/thumb/v7e-m/nofp\libg.a(lib_a-memset.o)
 .ARM.attributes
                0x000002a3       0x2e g:/tools/plugins/gcc-arm-none-eabi-10.3-2021.10-win32/gcc-arm-none-eabi-10.3-2021.10/bin/../lib/gcc/arm-none-eabi/10.3.1/../../../../arm-none-eabi/lib/thumb/v7e-m/nofp\libg.a(lib_a-__call_atexit.o)
 .ARM.attributes
                0x000002d1       0x2e g:/tools/plugins/gcc-arm-none-eabi-10.3-2021.10-win32/gcc-arm-none-eabi-10.3-2021.10/bin/../lib/gcc/arm-none-eabi/10.3.1/../../../../arm-none-eabi/lib/thumb/v7e-m/nofp\libg.a(lib_a-atexit.o)
 .ARM.attributes
                0x000002ff       0x2e g:/tools/plugins/gcc-arm-none-eabi-10.3-2021.10-win32/gcc-arm-none-eabi-10.3-2021.10/bin/../lib/gcc/arm-none-eabi/10.3.1/../../../../arm-none-eabi/lib/thumb/v7e-m/nofp\libg.a(lib_a-fini.o)
 .ARM.attributes
                0x0000032d       0x2e g:/tools/plugins/gcc-arm-none-eabi-10.3-2021.10-win32/gcc-arm-none-eabi-10.3-2021.10/bin/../lib/gcc/arm-none-eabi/10.3.1/../../../../arm-none-eabi/lib/thumb/v7e-m/nofp\libg.a(lib_a-lock.o)
 .ARM.attributes
                0x0000035b       0x2e g:/tools/plugins/gcc-arm-none-eabi-10.3-2021.10-win32/gcc-arm-none-eabi-10.3-2021.10/bin/../lib/gcc/arm-none-eabi/10.3.1/../../../../arm-none-eabi/lib/thumb/v7e-m/nofp\libg.a(lib_a-__atexit.o)
 .ARM.attributes
                0x00000389       0x1e g:/tools/plugins/gcc-arm-none-eabi-10.3-2021.10-win32/gcc-arm-none-eabi-10.3-2021.10/bin/../lib/gcc/arm-none-eabi/10.3.1/thumb/v7e-m/nofp/crtn.o
OUTPUT(IGT6_CLION.elf elf32-littlearm)
LOAD linker stubs
LOAD g:/tools/plugins/gcc-arm-none-eabi-10.3-2021.10-win32/gcc-arm-none-eabi-10.3-2021.10/bin/../lib/gcc/arm-none-eabi/10.3.1/../../../../arm-none-eabi/lib/thumb/v7e-m/nofp\libc.a
LOAD g:/tools/plugins/gcc-arm-none-eabi-10.3-2021.10-win32/gcc-arm-none-eabi-10.3-2021.10/bin/../lib/gcc/arm-none-eabi/10.3.1/../../../../arm-none-eabi/lib/thumb/v7e-m/nofp\libm.a
LOAD g:/tools/plugins/gcc-arm-none-eabi-10.3-2021.10-win32/gcc-arm-none-eabi-10.3-2021.10/bin/../lib/gcc/arm-none-eabi/10.3.1/thumb/v7e-m/nofp\libgcc.a

.debug_info     0x00000000     0x32e1
 .debug_info    0x00000000      0x5d1 CMakeFiles/IGT6_CLION.elf.dir/Core/Src/main.c.obj
 .debug_info    0x000005d1      0x2a4 CMakeFiles/IGT6_CLION.elf.dir/Core/Src/stm32f4xx_hal_msp.c.obj
 .debug_info    0x00000875      0x12f CMakeFiles/IGT6_CLION.elf.dir/Core/Src/stm32f4xx_it.c.obj
 .debug_info    0x000009a4      0x37d CMakeFiles/IGT6_CLION.elf.dir/Core/Src/system_stm32f4xx.c.obj
 .debug_info    0x00000d21       0x22 CMakeFiles/IGT6_CLION.elf.dir/Core/Startup/startup_stm32f407igtx.s.obj
 .debug_info    0x00000d43      0x9f0 CMakeFiles/IGT6_CLION.elf.dir/Drivers/STM32F4xx_HAL_Driver/Src/stm32f4xx_hal.c.obj
 .debug_info    0x00001733     0x10ab CMakeFiles/IGT6_CLION.elf.dir/Drivers/STM32F4xx_HAL_Driver/Src/stm32f4xx_hal_cortex.c.obj
 .debug_info    0x000027de      0xb03 CMakeFiles/IGT6_CLION.elf.dir/Drivers/STM32F4xx_HAL_Driver/Src/stm32f4xx_hal_rcc.c.obj

.debug_abbrev   0x00000000      0xc4e
 .debug_abbrev  0x00000000      0x1da CMakeFiles/IGT6_CLION.elf.dir/Core/Src/main.c.obj
 .debug_abbrev  0x000001da       0xd1 CMakeFiles/IGT6_CLION.elf.dir/Core/Src/stm32f4xx_hal_msp.c.obj
 .debug_abbrev  0x000002ab       0x7e CMakeFiles/IGT6_CLION.elf.dir/Core/Src/stm32f4xx_it.c.obj
 .debug_abbrev  0x00000329      0x119 CMakeFiles/IGT6_CLION.elf.dir/Core/Src/system_stm32f4xx.c.obj
 .debug_abbrev  0x00000442       0x12 CMakeFiles/IGT6_CLION.elf.dir/Core/Startup/startup_stm32f407igtx.s.obj
 .debug_abbrev  0x00000454      0x206 CMakeFiles/IGT6_CLION.elf.dir/Drivers/STM32F4xx_HAL_Driver/Src/stm32f4xx_hal.c.obj
 .debug_abbrev  0x0000065a      0x36a CMakeFiles/IGT6_CLION.elf.dir/Drivers/STM32F4xx_HAL_Driver/Src/stm32f4xx_hal_cortex.c.obj
 .debug_abbrev  0x000009c4      0x28a CMakeFiles/IGT6_CLION.elf.dir/Drivers/STM32F4xx_HAL_Driver/Src/stm32f4xx_hal_rcc.c.obj

.debug_aranges  0x00000000      0x330
 .debug_aranges
                0x00000000       0x38 CMakeFiles/IGT6_CLION.elf.dir/Core/Src/main.c.obj
 .debug_aranges
                0x00000038       0x20 CMakeFiles/IGT6_CLION.elf.dir/Core/Src/stm32f4xx_hal_msp.c.obj
 .debug_aranges
                0x00000058       0x60 CMakeFiles/IGT6_CLION.elf.dir/Core/Src/stm32f4xx_it.c.obj
 .debug_aranges
                0x000000b8       0x28 CMakeFiles/IGT6_CLION.elf.dir/Core/Src/system_stm32f4xx.c.obj
 .debug_aranges
                0x000000e0       0x28 CMakeFiles/IGT6_CLION.elf.dir/Core/Startup/startup_stm32f407igtx.s.obj
 .debug_aranges
                0x00000108       0xf0 CMakeFiles/IGT6_CLION.elf.dir/Drivers/STM32F4xx_HAL_Driver/Src/stm32f4xx_hal.c.obj
 .debug_aranges
                0x000001f8       0xb0 CMakeFiles/IGT6_CLION.elf.dir/Drivers/STM32F4xx_HAL_Driver/Src/stm32f4xx_hal_cortex.c.obj
 .debug_aranges
                0x000002a8       0x88 CMakeFiles/IGT6_CLION.elf.dir/Drivers/STM32F4xx_HAL_Driver/Src/stm32f4xx_hal_rcc.c.obj

.debug_ranges   0x00000000      0x330
 .debug_ranges  0x00000000       0x28 CMakeFiles/IGT6_CLION.elf.dir/Core/Src/main.c.obj
 .debug_ranges  0x00000028       0x10 CMakeFiles/IGT6_CLION.elf.dir/Core/Src/stm32f4xx_hal_msp.c.obj
 .debug_ranges  0x00000038       0x50 CMakeFiles/IGT6_CLION.elf.dir/Core/Src/stm32f4xx_it.c.obj
 .debug_ranges  0x00000088       0x18 CMakeFiles/IGT6_CLION.elf.dir/Core/Src/system_stm32f4xx.c.obj
 .debug_ranges  0x000000a0       0x20 CMakeFiles/IGT6_CLION.elf.dir/Core/Startup/startup_stm32f407igtx.s.obj
 .debug_ranges  0x000000c0       0xe0 CMakeFiles/IGT6_CLION.elf.dir/Drivers/STM32F4xx_HAL_Driver/Src/stm32f4xx_hal.c.obj
 .debug_ranges  0x000001a0      0x100 CMakeFiles/IGT6_CLION.elf.dir/Drivers/STM32F4xx_HAL_Driver/Src/stm32f4xx_hal_cortex.c.obj
 .debug_ranges  0x000002a0       0x90 CMakeFiles/IGT6_CLION.elf.dir/Drivers/STM32F4xx_HAL_Driver/Src/stm32f4xx_hal_rcc.c.obj

.debug_line     0x00000000     0x24a7
 .debug_line    0x00000000      0x3b6 CMakeFiles/IGT6_CLION.elf.dir/Core/Src/main.c.obj
 .debug_line    0x000003b6      0x1db CMakeFiles/IGT6_CLION.elf.dir/Core/Src/stm32f4xx_hal_msp.c.obj
 .debug_line    0x00000591      0x1b5 CMakeFiles/IGT6_CLION.elf.dir/Core/Src/stm32f4xx_it.c.obj
 .debug_line    0x00000746      0x2a3 CMakeFiles/IGT6_CLION.elf.dir/Core/Src/system_stm32f4xx.c.obj
 .debug_line    0x000009e9       0xa3 CMakeFiles/IGT6_CLION.elf.dir/Core/Startup/startup_stm32f407igtx.s.obj
 .debug_line    0x00000a8c      0x621 CMakeFiles/IGT6_CLION.elf.dir/Drivers/STM32F4xx_HAL_Driver/Src/stm32f4xx_hal.c.obj
 .debug_line    0x000010ad      0x84d CMakeFiles/IGT6_CLION.elf.dir/Drivers/STM32F4xx_HAL_Driver/Src/stm32f4xx_hal_cortex.c.obj
 .debug_line    0x000018fa      0xbad CMakeFiles/IGT6_CLION.elf.dir/Drivers/STM32F4xx_HAL_Driver/Src/stm32f4xx_hal_rcc.c.obj

.debug_str      0x00000000     0x1620
 .debug_str     0x00000000      0x45d CMakeFiles/IGT6_CLION.elf.dir/Core/Src/main.c.obj
                                0x4ae (size before relaxing)
 .debug_str     0x0000045d       0x47 CMakeFiles/IGT6_CLION.elf.dir/Core/Src/stm32f4xx_hal_msp.c.obj
                                0x2ed (size before relaxing)
 .debug_str     0x000004a4       0xd2 CMakeFiles/IGT6_CLION.elf.dir/Core/Src/stm32f4xx_it.c.obj
                                0x261 (size before relaxing)
 .debug_str     0x00000576       0xa2 CMakeFiles/IGT6_CLION.elf.dir/Core/Src/system_stm32f4xx.c.obj
                                0x353 (size before relaxing)
 .debug_str     0x00000618       0x51 CMakeFiles/IGT6_CLION.elf.dir/Core/Startup/startup_stm32f407igtx.s.obj
                                 0x8b (size before relaxing)
 .debug_str     0x00000669      0x886 CMakeFiles/IGT6_CLION.elf.dir/Drivers/STM32F4xx_HAL_Driver/Src/stm32f4xx_hal.c.obj
                                0xb8c (size before relaxing)
 .debug_str     0x00000eef      0x4f1 CMakeFiles/IGT6_CLION.elf.dir/Drivers/STM32F4xx_HAL_Driver/Src/stm32f4xx_hal_cortex.c.obj
                                0xc75 (size before relaxing)
 .debug_str     0x000013e0      0x240 CMakeFiles/IGT6_CLION.elf.dir/Drivers/STM32F4xx_HAL_Driver/Src/stm32f4xx_hal_rcc.c.obj
                                0x738 (size before relaxing)

.comment        0x00000000       0x49
 .comment       0x00000000       0x49 CMakeFiles/IGT6_CLION.elf.dir/Core/Src/main.c.obj
                                 0x4a (size before relaxing)
 .comment       0x00000049       0x4a CMakeFiles/IGT6_CLION.elf.dir/Core/Src/stm32f4xx_hal_msp.c.obj
 .comment       0x00000049       0x4a CMakeFiles/IGT6_CLION.elf.dir/Core/Src/stm32f4xx_it.c.obj
 .comment       0x00000049       0x4a CMakeFiles/IGT6_CLION.elf.dir/Core/Src/system_stm32f4xx.c.obj
 .comment       0x00000049       0x4a CMakeFiles/IGT6_CLION.elf.dir/Drivers/STM32F4xx_HAL_Driver/Src/stm32f4xx_hal.c.obj
 .comment       0x00000049       0x4a CMakeFiles/IGT6_CLION.elf.dir/Drivers/STM32F4xx_HAL_Driver/Src/stm32f4xx_hal_cortex.c.obj
 .comment       0x00000049       0x4a CMakeFiles/IGT6_CLION.elf.dir/Drivers/STM32F4xx_HAL_Driver/Src/stm32f4xx_hal_rcc.c.obj

.debug_frame    0x00000000      0x86c
 .debug_frame   0x00000000       0x70 CMakeFiles/IGT6_CLION.elf.dir/Core/Src/main.c.obj
 .debug_frame   0x00000070       0x28 CMakeFiles/IGT6_CLION.elf.dir/Core/Src/stm32f4xx_hal_msp.c.obj
 .debug_frame   0x00000098       0xa8 CMakeFiles/IGT6_CLION.elf.dir/Core/Src/stm32f4xx_it.c.obj
 .debug_frame   0x00000140       0x30 CMakeFiles/IGT6_CLION.elf.dir/Core/Src/system_stm32f4xx.c.obj
 .debug_frame   0x00000170      0x1ec CMakeFiles/IGT6_CLION.elf.dir/Drivers/STM32F4xx_HAL_Driver/Src/stm32f4xx_hal.c.obj
 .debug_frame   0x0000035c      0x158 CMakeFiles/IGT6_CLION.elf.dir/Drivers/STM32F4xx_HAL_Driver/Src/stm32f4xx_hal_cortex.c.obj
 .debug_frame   0x000004b4      0x16c CMakeFiles/IGT6_CLION.elf.dir/Drivers/STM32F4xx_HAL_Driver/Src/stm32f4xx_hal_rcc.c.obj
 .debug_frame   0x00000620       0x2c g:/tools/plugins/gcc-arm-none-eabi-10.3-2021.10-win32/gcc-arm-none-eabi-10.3-2021.10/bin/../lib/gcc/arm-none-eabi/10.3.1/thumb/v7e-m/nofp\libgcc.a(_aeabi_uldivmod.o)
 .debug_frame   0x0000064c       0x34 g:/tools/plugins/gcc-arm-none-eabi-10.3-2021.10-win32/gcc-arm-none-eabi-10.3-2021.10/bin/../lib/gcc/arm-none-eabi/10.3.1/thumb/v7e-m/nofp\libgcc.a(_udivmoddi4.o)
 .debug_frame   0x00000680       0x2c g:/tools/plugins/gcc-arm-none-eabi-10.3-2021.10-win32/gcc-arm-none-eabi-10.3-2021.10/bin/../lib/gcc/arm-none-eabi/10.3.1/../../../../arm-none-eabi/lib/thumb/v7e-m/nofp\libg.a(lib_a-init.o)
 .debug_frame   0x000006ac       0x2c g:/tools/plugins/gcc-arm-none-eabi-10.3-2021.10-win32/gcc-arm-none-eabi-10.3-2021.10/bin/../lib/gcc/arm-none-eabi/10.3.1/../../../../arm-none-eabi/lib/thumb/v7e-m/nofp\libg.a(lib_a-memset.o)
 .debug_frame   0x000006d8       0x5c g:/tools/plugins/gcc-arm-none-eabi-10.3-2021.10-win32/gcc-arm-none-eabi-10.3-2021.10/bin/../lib/gcc/arm-none-eabi/10.3.1/../../../../arm-none-eabi/lib/thumb/v7e-m/nofp\libg.a(lib_a-__call_atexit.o)
 .debug_frame   0x00000734       0x20 g:/tools/plugins/gcc-arm-none-eabi-10.3-2021.10-win32/gcc-arm-none-eabi-10.3-2021.10/bin/../lib/gcc/arm-none-eabi/10.3.1/../../../../arm-none-eabi/lib/thumb/v7e-m/nofp\libg.a(lib_a-atexit.o)
 .debug_frame   0x00000754       0x34 g:/tools/plugins/gcc-arm-none-eabi-10.3-2021.10-win32/gcc-arm-none-eabi-10.3-2021.10/bin/../lib/gcc/arm-none-eabi/10.3.1/../../../../arm-none-eabi/lib/thumb/v7e-m/nofp\libg.a(lib_a-fini.o)
 .debug_frame   0x00000788       0xb0 g:/tools/plugins/gcc-arm-none-eabi-10.3-2021.10-win32/gcc-arm-none-eabi-10.3-2021.10/bin/../lib/gcc/arm-none-eabi/10.3.1/../../../../arm-none-eabi/lib/thumb/v7e-m/nofp\libg.a(lib_a-lock.o)
 .debug_frame   0x00000838       0x34 g:/tools/plugins/gcc-arm-none-eabi-10.3-2021.10-win32/gcc-arm-none-eabi-10.3-2021.10/bin/../lib/gcc/arm-none-eabi/10.3.1/../../../../arm-none-eabi/lib/thumb/v7e-m/nofp\libg.a(lib_a-__atexit.o)

.debug_loc      0x00000000      0xf69
 .debug_loc     0x00000000      0x158 CMakeFiles/IGT6_CLION.elf.dir/Core/Src/system_stm32f4xx.c.obj
 .debug_loc     0x00000158      0x141 CMakeFiles/IGT6_CLION.elf.dir/Drivers/STM32F4xx_HAL_Driver/Src/stm32f4xx_hal.c.obj
 .debug_loc     0x00000299      0x744 CMakeFiles/IGT6_CLION.elf.dir/Drivers/STM32F4xx_HAL_Driver/Src/stm32f4xx_hal_cortex.c.obj
 .debug_loc     0x000009dd      0x58c CMakeFiles/IGT6_CLION.elf.dir/Drivers/STM32F4xx_HAL_Driver/Src/stm32f4xx_hal_rcc.c.obj
